// Vitest Snapshot v1, https://vitest.dev/guide/snapshot.html

exports[`GPBanner > renders properly 1`] = `[Function]`;
