// Vitest Snapshot v1, https://vitest.dev/guide/snapshot.html

exports[`GPHeader > renders properly 1`] = `[Function]`;
