// Vitest Snapshot v1, https://vitest.dev/guide/snapshot.html

exports[`GPInput > renders properly 1`] = `[Function]`;
